{
	"location": {
		"latitude": 52.52,
		"longitude": 13.419998,
		"altitude": 38
	},
	"timezone": "Asia/Jakarta",
	"timezoneAbbr": "WIB",
	"sampleTimestamp": 1728124200000,
	"sampleIntervalMs": 900000,
	"receivedTimestamp": 1728876956514,
	"current": {
		"data": {
			"apparentTemperature": 6.4,
			"cloudCoverTotal": 97,
			"precipitation": 0,
			"rain": 0,
			"relativeHumidity": 97,
			"showers": 0,
			"snowfall": 0,
			"temperature": 8.1,
			"weatherCode": 3,
			"windDirection": 18,
			"windGusts": 13.7,
			"windSpeed": 6.8,
			"time": "2024-10-05T10:30",
			"type": "current"
		},
		"units": {
			"apparentTemperature": "°C",
			"cloudCoverTotal": "%",
			"precipitation": "mm",
			"rain": "mm",
			"relativeHumidity": "%",
			"showers": "mm",
			"snowfall": "cm",
			"temperature": "°C",
			"weatherCode": "wmo code",
			"windDirection": "°",
			"windGusts": "km/h",
			"windSpeed": "km/h",
			"time": "iso8601"
		}
	},
	"hourly": {
		"data": {
			"apparentTemperature": [
				9.3,
				8.8,
				8.1,
				8.2,
				8.4,
				8.9,
				10.4,
				11.2,
				11.6,
				11.8,
				11.4,
				11.8,
				12.4,
				11.5,
				10.4,
				9.3,
				8.3,
				7.9,
				7.8,
				7.5,
				7.7,
				7,
				6.9,
				6.7,
				6.4
			],
			"cloudCoverTotal": [
				93,
				100,
				91,
				81,
				74,
				69,
				97,
				98,
				85,
				100,
				100,
				100,
				100,
				96,
				87,
				7,
				61,
				41,
				88,
				100,
				100,
				92,
				97,
				86,
				97
			],
			"precipitation": [
				0,
				0,
				0,
				0,
				0,
				0,
				0,
				0,
				0,
				0,
				0.2,
				0,
				0,
				0,
				0,
				0,
				0,
				0,
				0,
				0,
				0,
				0,
				0,
				0,
				0
			],
			"rain": [
				0,
				0,
				0,
				0,
				0,
				0,
				0,
				0,
				0,
				0,
				0.2,
				0,
				0,
				0,
				0,
				0,
				0,
				0,
				0,
				0,
				0,
				0,
				0,
				0,
				0
			],
			"relativeHumidity": [
				91,
				90,
				92,
				93,
				89,
				84,
				81,
				76,
				75,
				76,
				79,
				77,
				80,
				79,
				86,
				85,
				84,
				88,
				93,
				93,
				92,
				93,
				93,
				95,
				96
			],
			"showers": [
				0,
				0,
				0,
				0,
				0,
				0,
				0,
				0,
				0,
				0,
				0,
				0,
				0,
				0,
				0,
				0,
				0,
				0,
				0,
				0,
				0,
				0,
				0,
				0,
				0
			],
			"snowfall": [
				0,
				0,
				0,
				0,
				0,
				0,
				0,
				0,
				0,
				0,
				0,
				0,
				0,
				0,
				0,
				0,
				0,
				0,
				0,
				0,
				0,
				0,
				0,
				0,
				0
			],
			"temperature": [
				11.1,
				10.8,
				10.3,
				10.2,
				10.4,
				11.4,
				12.4,
				13.3,
				13.6,
				13.7,
				13.3,
				13.5,
				13.7,
				13,
				11.9,
				11.1,
				10.5,
				9.9,
				9.5,
				9.4,
				9.4,
				8.8,
				8.4,
				8.2,
				8
			],
			"weatherCode": [
				3,
				3,
				80,
				3,
				2,
				2,
				3,
				3,
				3,
				3,
				61,
				3,
				3,
				3,
				3,
				3,
				2,
				2,
				2,
				3,
				3,
				3,
				3,
				3,
				3
			],
			"windDirection": [
				2,
				2,
				357,
				358,
				360,
				8,
				10,
				19,
				30,
				32,
				26,
				24,
				19,
				18,
				4,
				12,
				16,
				20,
				19,
				17,
				19,
				18,
				21,
				4,
				13
			],
			"windGusts": [
				25.6,
				25.2,
				29.2,
				28.8,
				27,
				31.3,
				37.8,
				32,
				29.9,
				27,
				28.8,
				26.6,
				23.4,
				25.6,
				19.8,
				22.3,
				24.1,
				24.1,
				20.9,
				20.2,
				20.2,
				18,
				15.8,
				13,
				13.7
			],
			"windSpeed": [
				12.2,
				12.2,
				14.1,
				12.2,
				11.5,
				14.9,
				12.8,
				13.3,
				12.1,
				12.3,
				13.2,
				11.4,
				9.9,
				9.4,
				9.4,
				10.7,
				11.6,
				10.4,
				8.8,
				9.8,
				8.8,
				8,
				6.2,
				5.8,
				6.3
			],
			"time": [
				"2024-10-04T10:00",
				"2024-10-04T11:00",
				"2024-10-04T12:00",
				"2024-10-04T13:00",
				"2024-10-04T14:00",
				"2024-10-04T15:00",
				"2024-10-04T16:00",
				"2024-10-04T17:00",
				"2024-10-04T18:00",
				"2024-10-04T19:00",
				"2024-10-04T20:00",
				"2024-10-04T21:00",
				"2024-10-04T22:00",
				"2024-10-04T23:00",
				"2024-10-05T00:00",
				"2024-10-05T01:00",
				"2024-10-05T02:00",
				"2024-10-05T03:00",
				"2024-10-05T04:00",
				"2024-10-05T05:00",
				"2024-10-05T06:00",
				"2024-10-05T07:00",
				"2024-10-05T08:00",
				"2024-10-05T09:00",
				"2024-10-05T10:00"
			],
			"cloudCoverHigh": [
				0,
				0,
				0,
				0,
				0,
				0,
				0,
				0,
				0,
				0,
				100,
				0,
				100,
				45,
				59,
				0,
				0,
				0,
				0,
				0,
				39,
				8,
				14,
				0,
				0
			],
			"cloudCoverLow": [
				72,
				98,
				62,
				69,
				61,
				56,
				95,
				97,
				77,
				84,
				45,
				59,
				54,
				43,
				15,
				7,
				0,
				0,
				32,
				83,
				51,
				29,
				44,
				44,
				71
			],
			"cloudCoverMedium": [
				68,
				100,
				71,
				39,
				17,
				27,
				80,
				89,
				51,
				100,
				100,
				100,
				41,
				90,
				53,
				0,
				61,
				41,
				77,
				100,
				100,
				85,
				93,
				70,
				93
			],
			"precipitationProbability": [
				0,
				0,
				0,
				0,
				0,
				3,
				0,
				3,
				8,
				20,
				53,
				45,
				30,
				15,
				3,
				0,
				0,
				0,
				0,
				0,
				0,
				0,
				0,
				0,
				0
			],
			"visibility": [
				9460,
				9500,
				6880,
				5900,
				9540,
				18060,
				24640,
				36580,
				40620,
				37740,
				33280,
				38800,
				33580,
				33940,
				20160,
				21560,
				24260,
				15420,
				6340,
				5920,
				6500,
				6000,
				6340,
				4100,
				2920
			],
			"type": "hourly"
		},
		"units": {
			"apparentTemperature": "°C",
			"cloudCoverTotal": "%",
			"precipitation": "mm",
			"rain": "mm",
			"relativeHumidity": "%",
			"showers": "mm",
			"snowfall": "cm",
			"temperature": "°C",
			"weatherCode": "wmo code",
			"windDirection": "°",
			"windGusts": "km/h",
			"windSpeed": "km/h",
			"time": "iso8601",
			"cloudCoverHigh": "%",
			"cloudCoverLow": "%",
			"cloudCoverMedium": "%",
			"precipitationProbability": "%",
			"visibility": "m"
		}
	},
	"daily": {
		"data": {
			"maxApparentTemperature": [
				11.4,
				12.4,
				11.9,
				11.6,
				14.4,
				18.8,
				18.3,
				16.3,
				13.8
			],
			"minApparentTemperature": [
				7.5,
				8.1,
				6.4,
				5.4,
				4.3,
				10.3,
				13.1,
				12.6,
				9.4
			],
			"precipitationHours": [
				8,
				1,
				0,
				0,
				0,
				0,
				0,
				3,
				6
			],
			"precipitationProbabilityMax": [
				83,
				53,
				3,
				3,
				5,
				30,
				75,
				29,
				23
			],
			"precipitationSum": [
				1.4,
				0.2,
				0,
				0,
				0,
				0,
				0,
				0.3,
				0.6
			],
			"rainSum": [
				1.4,
				0.2,
				0,
				0,
				0,
				0,
				0,
				0.3,
				0.6
			],
			"showersSum": [
				0,
				0,
				0,
				0,
				0,
				0,
				0,
				0,
				0
			],
			"snowfallSum": [
				0,
				0,
				0,
				0,
				0,
				0,
				0,
				0,
				0
			],
			"sunrise": [
				"2024-10-03T12:11",
				"2024-10-04T12:13",
				"2024-10-05T12:15",
				"2024-10-06T12:17",
				"2024-10-07T12:18",
				"2024-10-08T12:20",
				"2024-10-09T12:22",
				"2024-10-10T12:24",
				"2024-10-11T12:25"
			],
			"sunset": [
				"2024-10-03T23:38",
				"2024-10-04T23:36",
				"2024-10-05T23:33",
				"2024-10-06T23:31",
				"2024-10-07T23:29",
				"2024-10-08T23:26",
				"2024-10-09T23:24",
				"2024-10-10T23:22",
				"2024-10-11T23:19"
			],
			"maxTemperature": [
				13.5,
				13.7,
				13.7,
				13,
				15.8,
				19.7,
				19.5,
				18.5,
				16.2
			],
			"minTemperature": [
				9.8,
				10.2,
				8,
				6.9,
				6.5,
				11.3,
				13.5,
				14.2,
				12
			],
			"time": [
				"2024-10-03",
				"2024-10-04",
				"2024-10-05",
				"2024-10-06",
				"2024-10-07",
				"2024-10-08",
				"2024-10-09",
				"2024-10-10",
				"2024-10-11"
			],
			"weatherCode": [
				80,
				80,
				3,
				3,
				3,
				3,
				3,
				3,
				61
			],
			"dominantWindDirection": [
				348,
				7,
				25,
				121,
				138,
				139,
				187,
				193,
				222
			],
			"maximumWindGusts": [
				37.8,
				37.8,
				24.1,
				18,
				28.4,
				32.4,
				32.4,
				55.4,
				45
			],
			"maximumWindSpeed": [
				17.7,
				14.9,
				11.6,
				6.9,
				11.8,
				13,
				13.1,
				23.2,
				18.9
			],
			"type": "daily"
		},
		"units": {
			"maxApparentTemperature": "°C",
			"minApparentTemperature": "°C",
			"precipitationHours": "h",
			"precipitationProbabilityMax": "%",
			"precipitationSum": "mm",
			"rainSum": "mm",
			"showersSum": "mm",
			"snowfallSum": "cm",
			"sunrise": "iso8601",
			"sunset": "iso8601",
			"maxTemperature": "°C",
			"minTemperature": "°C",
			"time": "iso8601",
			"weatherCode": "wmo code",
			"dominantWindDirection": "°",
			"maximumWindGusts": "km/h",
			"maximumWindSpeed": "km/h"
		}
	}
}